main.c:116:5:main	16	static
main.c:235:6:SystemClock_Config	232	static
main.c:301:13:MX_ADC1_Init	48	static
main.c:365:13:MX_DAC1_Init	48	static
main.c:406:13:MX_I2C2_Init	8	static
main.c:452:13:MX_TIM2_Init	40	static
main.c:497:13:MX_USART1_UART_Init	8	static
main.c:530:13:MX_DMA_Init	16	static
main.c:548:13:MX_GPIO_Init	48	static
main.c:592:6:GenerateTone	48	static
main.c:604:7:MapFreqVal	24	static
main.c:622:6:HAL_DAC_ConvHalfCpltCallbackCh1	16	static
main.c:628:6:HAL_DAC_ConvCpltCallbackCh1	16	static
main.c:640:6:Error_Handler	8	static,ignoring_inline_asm
