main.c:118:5:main	16	static
main.c:241:6:SystemClock_Config	232	static
main.c:307:13:MX_ADC1_Init	48	static
main.c:371:13:MX_DAC1_Init	48	static
main.c:412:13:MX_I2C2_Init	8	static
main.c:458:13:MX_TIM2_Init	40	static
main.c:503:13:MX_USART1_UART_Init	8	static
main.c:536:13:MX_DMA_Init	16	static
main.c:554:13:MX_GPIO_Init	48	static
main.c:598:6:GenerateTone	48	static
main.c:611:6:GenerateRectTone	56	static
main.c:629:7:MapFreqVal	24	static
main.c:647:6:HAL_DAC_ConvHalfCpltCallbackCh1	16	static
main.c:653:6:HAL_DAC_ConvCpltCallbackCh1	16	static
main.c:665:6:Error_Handler	8	static,ignoring_inline_asm
